# Server
redis_version:7.2.4
server_name:valkey
valkey_version:9.1.0
valkey_release_stage:ga
redis_git_sha1:00000000
redis_git_dirty:0
redis_build_id:d49777fbb974f2c9
server_mode:cluster
os:Linux 6.12.76-linuxkit aarch64
arch_bits:64
monotonic_clock:ARM CNTVCT @ 24 ticks/us
multiplexing_api:epoll
gcc_version:14.2.0
process_id:71
process_supervised:no
run_id:dbc293d82c8133cd88d87321542f750996ac336f
tcp_port:7319
server_time_usec:1783529508009481
uptime_in_seconds:28
uptime_in_days:0
hz:10
configured_hz:10
clients_hz:10
lru_clock:5144612
executable:/data/valkey-server
config_file:/tmp/valkey-scale-lab/P20_FAILOVER_LATENCY_CURVE_30_50_100-scale_30_sample_01-20260628/shard-0004-replica-00/valkey.conf
io_threads_active:0
availability_zone:
listener0:name=tcp,bind=0.0.0.0,port=7319