cluster_state:ok
cluster_slots_assigned:16384
cluster_slots_ok:16384
cluster_slots_pfail:0
cluster_slots_fail:0
cluster_nodes_pfail:0
cluster_nodes_fail:0
cluster_voting_nodes_pfail:0
cluster_voting_nodes_fail:0
cluster_known_nodes:30
cluster_size:15
cluster_current_epoch:28
cluster_my_epoch:6
cluster_stats_messages_ping_sent:59
cluster_stats_messages_pong_sent:120
cluster_stats_messages_sent:179
cluster_stats_messages_ping_received:53
cluster_stats_messages_pong_received:91
cluster_stats_messages_meet_received:9
cluster_stats_messages_received:153
cluster_stats_bytes_sent:462440
cluster_stats_bytes_received:397152
cluster_stats_pubsub_bytes_sent:0
cluster_stats_pubsub_bytes_received:0
cluster_stats_module_bytes_sent:0
cluster_stats_module_bytes_received:0
total_cluster_links_buffer_limit_exceeded:0