cluster_state:ok
cluster_slots_assigned:16384
cluster_slots_ok:16384
cluster_slots_pfail:0
cluster_slots_fail:0
cluster_nodes_pfail:0
cluster_nodes_fail:0
cluster_voting_nodes_pfail:0
cluster_voting_nodes_fail:0
cluster_known_nodes:30
cluster_size:15
cluster_current_epoch:28
cluster_my_epoch:12
cluster_stats_messages_ping_sent:70
cluster_stats_messages_pong_sent:77
cluster_stats_messages_sent:147
cluster_stats_messages_ping_received:69
cluster_stats_messages_pong_received:117
cluster_stats_messages_meet_received:1
cluster_stats_messages_received:187
cluster_stats_bytes_sent:382056
cluster_stats_bytes_received:488104
cluster_stats_pubsub_bytes_sent:0
cluster_stats_pubsub_bytes_received:0
cluster_stats_module_bytes_sent:0
cluster_stats_module_bytes_received:0
total_cluster_links_buffer_limit_exceeded:0