cluster_state:ok
cluster_slots_assigned:16384
cluster_slots_ok:16384
cluster_slots_pfail:0
cluster_slots_fail:0
cluster_nodes_pfail:0
cluster_nodes_fail:0
cluster_voting_nodes_pfail:0
cluster_voting_nodes_fail:0
cluster_known_nodes:6
cluster_size:3
cluster_current_epoch:5
cluster_my_epoch:2
cluster_stats_messages_ping_sent:23
cluster_stats_messages_pong_sent:29
cluster_stats_messages_sent:52
cluster_stats_messages_ping_received:27
cluster_stats_messages_pong_received:29
cluster_stats_messages_meet_received:1
cluster_stats_messages_received:57
cluster_stats_bytes_sent:132496
cluster_stats_bytes_received:144800
cluster_stats_pubsub_bytes_sent:0
cluster_stats_pubsub_bytes_received:0
cluster_stats_module_bytes_sent:0
cluster_stats_module_bytes_received:0
total_cluster_links_buffer_limit_exceeded:0