cluster_state:ok
cluster_slots_assigned:16384
cluster_slots_ok:16384
cluster_slots_pfail:0
cluster_slots_fail:0
cluster_nodes_pfail:0
cluster_nodes_fail:0
cluster_voting_nodes_pfail:0
cluster_voting_nodes_fail:0
cluster_known_nodes:6
cluster_size:3
cluster_current_epoch:5
cluster_my_epoch:3
cluster_stats_messages_ping_sent:16
cluster_stats_messages_pong_sent:21
cluster_stats_messages_sent:37
cluster_stats_messages_ping_received:13
cluster_stats_messages_pong_received:20
cluster_stats_messages_meet_received:1
cluster_stats_messages_received:34
cluster_stats_bytes_sent:93464
cluster_stats_bytes_received:87648
cluster_stats_pubsub_bytes_sent:0
cluster_stats_pubsub_bytes_received:0
cluster_stats_module_bytes_sent:0
cluster_stats_module_bytes_received:0
total_cluster_links_buffer_limit_exceeded:0