# Server
redis_version:7.2.4
server_name:valkey
valkey_version:9.1.0
valkey_release_stage:ga
redis_git_sha1:00000000
redis_git_dirty:0
redis_build_id:d49777fbb974f2c9
server_mode:cluster
os:Linux 6.12.76-linuxkit aarch64
arch_bits:64
monotonic_clock:ARM CNTVCT @ 24 ticks/us
multiplexing_api:epoll
gcc_version:14.2.0
process_id:1
process_supervised:no
run_id:24b291a7c903865f05bbfb2b10cea77550542d02
tcp_port:6379
server_time_usec:1783556659909068
uptime_in_seconds:35
uptime_in_days:0
hz:10
configured_hz:10
clients_hz:10
lru_clock:5171763
executable:/data/valkey-server
config_file:
io_threads_active:0
availability_zone:
listener0:name=tcp,bind=0.0.0.0,port=6379

# Clients
connected_clients:2
cluster_connections:10
maxclients:10000
client_recent_max_input_buffer:24
client_recent_max_output_buffer:0
blocked_clients:0
tracking_clients:0
pubsub_clients:0
watching_clients:0
clients_in_timeout_table:0
total_watched_keys:0
total_blocking_keys:0
total_blocking_keys_on_nokey:0
paused_reason:none
paused_actions:none
paused_timeout_milliseconds:0

# Memory
used_memory:2993672
used_memory_human:2.85M
used_memory_rss:21450752
used_memory_rss_human:20.46M
used_memory_peak:3014736
used_memory_peak_human:2.88M
used_memory_peak_perc:99.30%
used_memory_overhead:2834460
used_memory_startup:2538832
used_memory_dataset:159212
used_memory_dataset_perc:35.00%
allocator_allocated:4779968
allocator_active:12386304
allocator_resident:15597568
allocator_muzzy:0
total_system_memory:8217059328
total_system_memory_human:7.65G
used_memory_lua:33792
used_memory_vm_eval:33792
used_memory_lua_human:33.00K
used_memory_scripts_eval:0
number_of_cached_scripts:0
number_of_functions:0
number_of_libraries:0
used_memory_vm_functions:35840
used_memory_vm_total:69632
used_memory_vm_total_human:68.00K
used_memory_functions:328
used_memory_scripts:328
used_memory_scripts_human:328B
maxmemory:134217728
maxmemory_human:128.00M
maxmemory_policy:noeviction
allocator_frag_ratio:2.59
allocator_frag_bytes:7606336
allocator_rss_ratio:1.26
allocator_rss_bytes:3211264
rss_overhead_ratio:1.38
rss_overhead_bytes:5853184
mem_fragmentation_ratio:7.21
mem_fragmentation_bytes:18476976
mem_not_counted_for_evict:0
mem_replication_backlog:20508
mem_total_replication_buffers:20504
mem_replicas_repl_buffer:0
mem_clients_slaves:0
mem_clients_normal:1688
mem_cluster_links:10720
mem_cluster_slot_import:0
mem_cluster_slot_export:0
mem_aof_buffer:0
mem_allocator:jemalloc-5.3.0
mem_overhead_db_hashtable_rehashing:0
active_defrag_running:0
lazyfree_pending_objects:0
lazyfreed_objects:0

# Persistence
loading:0
async_loading:0
current_cow_peak:0
current_cow_size:0
current_cow_size_age:0
current_fork_perc:0.00
current_save_keys_processed:0
current_save_keys_total:0
rdb_changes_since_last_save:0
rdb_bgsave_in_progress:0
rdb_last_save_time:1783556624
rdb_last_bgsave_status:ok
rdb_last_bgsave_time_sec:-1
rdb_current_bgsave_time_sec:-1
rdb_saves:0
rdb_last_cow_size:0
rdb_last_load_keys_expired:0
rdb_last_load_keys_loaded:0
aof_enabled:0
aof_rewrite_in_progress:0
aof_rewrite_scheduled:0
aof_last_rewrite_time_sec:-1
aof_current_rewrite_time_sec:-1
aof_last_bgrewrite_status:ok
aof_rewrites:0
aof_rewrites_consecutive_failures:0
aof_last_write_status:ok
aof_last_cow_size:0
module_fork_in_progress:0
module_fork_last_cow_size:0
slot_migration_fork_in_progress:0

# Stats
total_connections_received:14
total_commands_processed:20
instantaneous_ops_per_sec:0
total_net_input_bytes:738
total_net_output_bytes:19589
total_net_repl_input_bytes:315
total_net_repl_output_bytes:0
total_net_cluster_slot_import_bytes:0
total_net_cluster_slot_export_bytes:0
instantaneous_input_kbps:0.00
instantaneous_output_kbps:0.04
instantaneous_input_repl_kbps:0.00
instantaneous_output_repl_kbps:0.00
rejected_connections:0
sync_full:0
sync_partial_ok:0
sync_partial_err:0
expired_keys:0
expired_fields:0
expired_stale_perc:0.00
expired_keys_with_volatile_items_stale_perc:0.00
expired_time_cap_reached_count:0
expire_cycle_cpu_milliseconds:0
evicted_keys:0
evicted_clients:0
evicted_scripts:0
total_eviction_exceeded_time:0
current_eviction_exceeded_time:0
keyspace_hits:0
keyspace_misses:0
pubsub_channels:0
pubsub_patterns:0
pubsubshard_channels:0
latest_fork_usec:0
total_forks:0
migrate_cached_sockets:0
slave_expires_tracked_keys:0
active_defrag_hits:0
active_defrag_misses:0
active_defrag_key_hits:0
active_defrag_key_misses:0
total_active_defrag_time:0
current_active_defrag_time:0
tracking_total_keys:0
tracking_total_items:0
tracking_total_prefixes:0
unexpected_error_replies:0
total_error_replies:0
dump_payload_sanitizations:0
total_reads_processed:31
total_writes_processed:40
io_threaded_reads_processed:0
io_threaded_writes_processed:0
io_threaded_freed_objects:0
io_threaded_accept_processed:0
io_threaded_poll_processed:0
io_threaded_total_prefetch_batches:0
io_threaded_total_prefetch_entries:0
client_query_buffer_limit_disconnections:0
client_output_buffer_limit_disconnections:0
reply_buffer_shrinks:1
reply_buffer_expands:0
eventloop_cycles:558
eventloop_duration_sum:138165
eventloop_duration_cmd_sum:1528
instantaneous_eventloop_cycles_per_sec:17
instantaneous_eventloop_duration_usec:264
acl_access_denied_auth:0
acl_access_denied_cmd:0
acl_access_denied_key:0
acl_access_denied_channel:0
acl_access_denied_tls_cert:0
acl_access_denied_db:0

# Replication
role:slave
master_host:172.18.0.4
master_port:6379
master_link_status:up
master_last_io_seconds_ago:5
master_sync_in_progress:0
slave_read_repl_offset:56
slave_repl_offset:56
replicas_repl_buffer_size:0
replicas_repl_buffer_peak:0
slave_priority:100
slave_read_only:1
replica_announced:1
connected_slaves:0
replicas_waiting_psync:0
master_failover_state:no-failover
master_replid:42e2d9410a54ef6ab0fe30445b0089932338da6c
master_replid2:0000000000000000000000000000000000000000
master_repl_offset:56
second_repl_offset:-1
repl_backlog_active:1
repl_backlog_size:10485760
repl_backlog_first_byte_offset:1
repl_backlog_histlen:56

# CPU
used_cpu_sys:0.059623
used_cpu_user:0.085809
used_cpu_sys_children:0.001945
used_cpu_user_children:0.000492
used_cpu_sys_main_thread:0.057472
used_cpu_user_main_thread:0.085621
used_active_time_main_thread:0.055358

# Modules
module:name=lua,ver=1,api=1,filters=0,usedby=[],using=[],options=[handle-repl-async-load|handle-atomic-slot-migration]

# Errorstats

# Cluster
cluster_enabled:1

# Keyspace